[31448:17260:0628/093422.635:WARNING:chrome_main_delegate.cc(745)] This is Chrome version 128.0.6613.138 (not a warning)
[31448:4324:0628/093422.958:ERROR:google_update_settings.cc(265)] Failed opening key Software\Chromium to set usagestats; result: 5
[31448:17260:0628/093423.069:WARNING:account_consistency_mode_manager.cc(77)] Desktop Identity Consistency cannot be enabled as no OAuth client ID and client secret have been configured.
[31448:17260:0628/093429.185:ERROR:device_event_log_impl.cc(196)] [09:34:29.165] USB: usb_service_win.cc:105 SetupDiGetDeviceProperty({{A45C254E-DF1C-4EFD-8020-67D146A850E0}, 6}) failed: 要素が見つかりません。 (0x490)
[3856:13272:0628/093429.500:WARNING:frame_impl.cc(430)] virtual CefFrameImpl::SendProcessMessage sent to detached frame 5-0D8E5F23C37B5B444C9267AED3A75401 will be ignored
[6116:18152:0628/093440.508:ERROR:frame_impl.cc(537)] frame 6-79558DE992B7A453F68CEC96088AE54A connection timeout
[6116:18152:0628/093451.515:ERROR:frame_impl.cc(537)] frame 6-79558DE992B7A453F68CEC96088AE54A connection timeout
[6116:18152:0628/093502.523:ERROR:frame_impl.cc(537)] frame 6-79558DE992B7A453F68CEC96088AE54A connection timeout
[6116:18152:0628/093502.523:FATAL:frame_impl.cc(648)] frame 6-79558DE992B7A453F68CEC96088AE54A connection retry failed (reason=CONNECT_TIMEOUT, current_state=CONNECTION_PENDING)
[31448:17260:0628/093519.275:WARNING:page_discarding_helper.cc(138)] Discarding multiple pages with target (kb): 0
[31448:17260:0628/093534.302:WARNING:page_discarding_helper.cc(138)] Discarding multiple pages with target (kb): 0
[31448:17260:0628/094246.855:WARNING:page_discarding_helper.cc(138)] Discarding multiple pages with target (kb): 0
[31448:17260:0628/094251.857:WARNING:page_discarding_helper.cc(138)] Discarding multiple pages with target (kb): 0
[31448:17260:0628/094256.858:WARNING:page_discarding_helper.cc(138)] Discarding multiple pages with target (kb): 0
[31448:17260:0628/094301.858:WARNING:page_discarding_helper.cc(138)] Discarding multiple pages with target (kb): 0
[31448:17260:0628/094312.173:WARNING:page_discarding_helper.cc(138)] Discarding multiple pages with target (kb): 0
[31448:17260:0628/094332.176:WARNING:page_discarding_helper.cc(138)] Discarding multiple pages with target (kb): 0
[31448:17260:0628/094614.988:WARNING:page_discarding_helper.cc(138)] Discarding multiple pages with target (kb): 0
[31448:17260:0628/095459.295:ERROR:device_event_log_impl.cc(196)] [09:54:59.291] USB: usb_service_win.cc:105 SetupDiGetDeviceProperty({{A45C254E-DF1C-4EFD-8020-67D146A850E0}, 6}) failed: 要素が見つかりません。 (0x490)
[31448:17260:0628/101217.107:ERROR:device_event_log_impl.cc(196)] [10:12:17.101] USB: usb_service_win.cc:105 SetupDiGetDeviceProperty({{A45C254E-DF1C-4EFD-8020-67D146A850E0}, 6}) failed: 要素が見つかりません。 (0x490)
[31448:17260:0628/115715.077:ERROR:device_event_log_impl.cc(196)] [11:57:15.063] USB: usb_service_win.cc:105 SetupDiGetDeviceProperty({{A45C254E-DF1C-4EFD-8020-67D146A850E0}, 6}) failed: 要素が見つかりません。 (0x490)
[31448:17260:0628/132911.242:WARNING:page_discarding_helper.cc(138)] Discarding multiple pages with target (kb): 0
[31448:17260:0628/132931.267:WARNING:page_discarding_helper.cc(138)] Discarding multiple pages with target (kb): 0
[31448:17260:0628/133041.932:WARNING:page_discarding_helper.cc(138)] Discarding multiple pages with target (kb): 0
[31448:17260:0628/133046.932:WARNING:page_discarding_helper.cc(138)] Discarding multiple pages with target (kb): 0
[31448:17260:0628/133051.932:WARNING:page_discarding_helper.cc(138)] Discarding multiple pages with target (kb): 0
[31448:17260:0628/133056.933:WARNING:page_discarding_helper.cc(138)] Discarding multiple pages with target (kb): 0
[31448:17260:0628/133101.933:WARNING:page_discarding_helper.cc(138)] Discarding multiple pages with target (kb): 0
[31448:17260:0628/133106.933:WARNING:page_discarding_helper.cc(138)] Discarding multiple pages with target (kb): 0
[31448:17260:0628/133111.933:WARNING:page_discarding_helper.cc(138)] Discarding multiple pages with target (kb): 0
[31448:17260:0628/133116.933:WARNING:page_discarding_helper.cc(138)] Discarding multiple pages with target (kb): 0
[31448:17260:0628/133121.933:WARNING:page_discarding_helper.cc(138)] Discarding multiple pages with target (kb): 0
[31448:17260:0628/133126.934:WARNING:page_discarding_helper.cc(138)] Discarding multiple pages with target (kb): 0
[31448:17260:0628/133131.934:WARNING:page_discarding_helper.cc(138)] Discarding multiple pages with target (kb): 0
[31448:17260:0628/133136.933:WARNING:page_discarding_helper.cc(138)] Discarding multiple pages with target (kb): 0
[31448:17260:0628/133141.934:WARNING:page_discarding_helper.cc(138)] Discarding multiple pages with target (kb): 0
[31448:17260:0628/133146.934:WARNING:page_discarding_helper.cc(138)] Discarding multiple pages with target (kb): 0
[31448:17260:0628/133151.935:WARNING:page_discarding_helper.cc(138)] Discarding multiple pages with target (kb): 0
[31448:17260:0628/133156.936:WARNING:page_discarding_helper.cc(138)] Discarding multiple pages with target (kb): 0
[31448:17260:0628/133201.936:WARNING:page_discarding_helper.cc(138)] Discarding multiple pages with target (kb): 0
[31448:17260:0628/133206.937:WARNING:page_discarding_helper.cc(138)] Discarding multiple pages with target (kb): 0
[31448:17260:0628/133211.936:WARNING:page_discarding_helper.cc(138)] Discarding multiple pages with target (kb): 0
[31448:17260:0628/133216.937:WARNING:page_discarding_helper.cc(138)] Discarding multiple pages with target (kb): 0
[31448:17260:0628/133221.937:WARNING:page_discarding_helper.cc(138)] Discarding multiple pages with target (kb): 0
[31448:17260:0628/133226.937:WARNING:page_discarding_helper.cc(138)] Discarding multiple pages with target (kb): 0
[31448:17260:0628/141731.549:ERROR:device_event_log_impl.cc(196)] [14:17:31.204] USB: usb_service_win.cc:105 SetupDiGetDeviceProperty({{A45C254E-DF1C-4EFD-8020-67D146A850E0}, 6}) failed: 要素が見つかりません。 (0x490)
