[21772:19392:0630/233000.355:WARNING:chrome_main_delegate.cc(745)] This is Chrome version 128.0.6613.138 (not a warning)
[21772:27944:0630/233000.594:ERROR:google_update_settings.cc(265)] Failed opening key Software\Chromium to set usagestats; result: 5
[21772:19392:0630/233000.742:WARNING:account_consistency_mode_manager.cc(77)] Desktop Identity Consistency cannot be enabled as no OAuth client ID and client secret have been configured.
[19944:31516:0630/233013.155:WARNING:frame_impl.cc(430)] virtual CefFrameImpl::SendProcessMessage sent to detached frame 5-2B619727E1092B59F22CE1C9160D980E will be ignored
[21772:19392:0630/233014.168:ERROR:device_event_log_impl.cc(196)] [23:30:13.831] USB: usb_service_win.cc:105 SetupDiGetDeviceProperty({{A45C254E-DF1C-4EFD-8020-67D146A850E0}, 6}) failed: 要素が見つかりません。 (0x490)
[21772:19392:0630/233237.091:ERROR:device_event_log_impl.cc(196)] [23:32:36.844] USB: usb_service_win.cc:105 SetupDiGetDeviceProperty({{A45C254E-DF1C-4EFD-8020-67D146A850E0}, 6}) failed: 要素が見つかりません。 (0x490)
[21772:19392:0630/234112.490:ERROR:device_event_log_impl.cc(196)] [23:41:12.487] USB: usb_service_win.cc:105 SetupDiGetDeviceProperty({{A45C254E-DF1C-4EFD-8020-67D146A850E0}, 6}) failed: 要素が見つかりません。 (0x490)
[21772:19392:0701/001805.890:ERROR:device_event_log_impl.cc(196)] [00:18:05.877] USB: usb_service_win.cc:105 SetupDiGetDeviceProperty({{A45C254E-DF1C-4EFD-8020-67D146A850E0}, 6}) failed: 要素が見つかりません。 (0x490)
[21772:19392:0701/014707.879:ERROR:device_event_log_impl.cc(196)] [01:47:07.750] USB: usb_service_win.cc:105 SetupDiGetDeviceProperty({{A45C254E-DF1C-4EFD-8020-67D146A850E0}, 6}) failed: 要素が見つかりません。 (0x490)
[21772:19392:0701/020047.316:ERROR:device_event_log_impl.cc(196)] [02:00:47.138] USB: usb_service_win.cc:105 SetupDiGetDeviceProperty({{A45C254E-DF1C-4EFD-8020-67D146A850E0}, 6}) failed: 要素が見つかりません。 (0x490)
[21772:19392:0701/020142.962:ERROR:device_event_log_impl.cc(196)] [02:01:42.726] USB: usb_service_win.cc:105 SetupDiGetDeviceProperty({{A45C254E-DF1C-4EFD-8020-67D146A850E0}, 6}) failed: 要素が見つかりません。 (0x490)
[21772:19392:0701/023648.517:ERROR:device_event_log_impl.cc(196)] [02:36:48.498] USB: usb_service_win.cc:105 SetupDiGetDeviceProperty({{A45C254E-DF1C-4EFD-8020-67D146A850E0}, 6}) failed: 要素が見つかりません。 (0x490)
[21772:19392:0701/023736.604:ERROR:device_event_log_impl.cc(196)] [02:37:36.595] USB: usb_service_win.cc:105 SetupDiGetDeviceProperty({{A45C254E-DF1C-4EFD-8020-67D146A850E0}, 6}) failed: 要素が見つかりません。 (0x490)
[21772:19392:0701/035311.755:ERROR:device_event_log_impl.cc(196)] [03:53:11.590] USB: usb_service_win.cc:105 SetupDiGetDeviceProperty({{A45C254E-DF1C-4EFD-8020-67D146A850E0}, 6}) failed: 要素が見つかりません。 (0x490)
[21772:19392:0701/035423.514:ERROR:device_event_log_impl.cc(196)] [03:54:23.240] USB: usb_service_win.cc:105 SetupDiGetDeviceProperty({{A45C254E-DF1C-4EFD-8020-67D146A850E0}, 6}) failed: 要素が見つかりません。 (0x490)
[21772:19392:0701/035549.483:ERROR:device_event_log_impl.cc(196)] [03:55:49.468] USB: usb_service_win.cc:105 SetupDiGetDeviceProperty({{A45C254E-DF1C-4EFD-8020-67D146A850E0}, 6}) failed: 要素が見つかりません。 (0x490)
[21772:19392:0701/035636.378:ERROR:device_event_log_impl.cc(196)] [03:56:36.085] USB: usb_service_win.cc:105 SetupDiGetDeviceProperty({{A45C254E-DF1C-4EFD-8020-67D146A850E0}, 6}) failed: 要素が見つかりません。 (0x490)
[21772:19392:0701/035734.133:ERROR:device_event_log_impl.cc(196)] [03:57:33.888] USB: usb_service_win.cc:105 SetupDiGetDeviceProperty({{A45C254E-DF1C-4EFD-8020-67D146A850E0}, 6}) failed: 要素が見つかりません。 (0x490)
[21772:19392:0701/035827.053:ERROR:device_event_log_impl.cc(196)] [03:58:26.889] USB: usb_service_win.cc:105 SetupDiGetDeviceProperty({{A45C254E-DF1C-4EFD-8020-67D146A850E0}, 6}) failed: 要素が見つかりません。 (0x490)
[21772:19392:0701/042253.692:ERROR:device_event_log_impl.cc(196)] [04:22:53.393] USB: usb_service_win.cc:105 SetupDiGetDeviceProperty({{A45C254E-DF1C-4EFD-8020-67D146A850E0}, 6}) failed: 要素が見つかりません。 (0x490)
[21772:19392:0701/042335.255:ERROR:device_event_log_impl.cc(196)] [04:23:35.144] USB: usb_service_win.cc:105 SetupDiGetDeviceProperty({{A45C254E-DF1C-4EFD-8020-67D146A850E0}, 6}) failed: 要素が見つかりません。 (0x490)
[21772:19392:0701/062921.367:ERROR:device_event_log_impl.cc(196)] [06:29:21.087] USB: usb_service_win.cc:105 SetupDiGetDeviceProperty({{A45C254E-DF1C-4EFD-8020-67D146A850E0}, 6}) failed: 要素が見つかりません。 (0x490)
[21772:19392:0701/063002.791:ERROR:device_event_log_impl.cc(196)] [06:30:02.790] USB: usb_service_win.cc:105 SetupDiGetDeviceProperty({{A45C254E-DF1C-4EFD-8020-67D146A850E0}, 6}) failed: 要素が見つかりません。 (0x490)
[21772:19392:0701/063453.075:ERROR:device_event_log_impl.cc(196)] [06:34:53.067] USB: usb_service_win.cc:105 SetupDiGetDeviceProperty({{A45C254E-DF1C-4EFD-8020-67D146A850E0}, 6}) failed: 要素が見つかりません。 (0x490)
[21772:19392:0701/063535.032:ERROR:device_event_log_impl.cc(196)] [06:35:34.744] USB: usb_service_win.cc:105 SetupDiGetDeviceProperty({{A45C254E-DF1C-4EFD-8020-67D146A850E0}, 6}) failed: 要素が見つかりません。 (0x490)
[21772:19392:0701/064321.916:ERROR:device_event_log_impl.cc(196)] [06:43:21.805] USB: usb_service_win.cc:105 SetupDiGetDeviceProperty({{A45C254E-DF1C-4EFD-8020-67D146A850E0}, 6}) failed: 要素が見つかりません。 (0x490)
[21772:19392:0701/065255.904:WARNING:pref_notifier_impl.cc(41)] Pref observer for media_router.cast_allow_all_ips found at shutdown.
